app/(app)/index.tsx(51,75): error TS2551: Property 'catering_id' does not exist on type 'User'. Did you mean 'cateringId'?
app/(app)/index.tsx(53,79): error TS2551: Property 'health_office_area' does not exist on type 'User'. Did you mean 'healthOfficeArea'?
app/(app)/student-attendance.tsx(264,9): error TS2322: Type '{ data: AttendanceRecord[]; renderItem: ({ item }: ListRenderItemInfo<AttendanceRecord>) => Element; keyExtractor: (item: AttendanceRecord) => string; ... 6 more ...; showsVerticalScrollIndicator: false; }' is not assignable to type 'IntrinsicAttributes & FlashListProps<AttendanceRecord> & { ref?: Ref<FlashListRef<AttendanceRecord>> | undefined; }'.
  Property 'estimatedItemSize' does not exist on type 'IntrinsicAttributes & FlashListProps<AttendanceRecord> & { ref?: Ref<FlashListRef<AttendanceRecord>> | undefined; }'.
